// Jest Snapshot v1, https://goo.gl/fbAQLP

exports[`<Routes /> should match snapchat 1`] = `
<BrowserRouter>
  <Layout>
    <Switch>
      <Route
        component={[Function]}
        exact={true}
        path="/"
      />
      <Route
        component={[Function]}
      />
    </Switch>
  </Layout>
</BrowserRouter>
`;
