// Jest Snapshot v1, https://goo.gl/fbAQLP

exports[`<Button /> should match snapchat 1`] = `
.c0 {
  display: inline-block;
  font-size: 13px;
  font-weight: 600;
  line-height: 32px;
  padding: 0 16px;
  border-radius: 3px;
  cursor: pointer;
  outline: 0;
  color: #FFF;
  border: solid 2px #2AD178;
  background-color: #2AD178;
}

.c0:disabled {
  cursor: not-allowed;
  opacity: 0.32;
}

<button
  className="c0"
>
  Some Button
</button>
`;
